// Jest Snapshot v1, https://goo.gl/fbAQLP

exports[`Pruebas del componente GifGridItem debe de mostrar el componente correctamente 1`] = `
<div
  className="card animate__animated animate__fadeIn"
>
  <img
    alt="test title"
    src="http://localhost/example"
  />
  <p>
    test title
  </p>
</div>
`;
